// Jest Snapshot v1, https://goo.gl/fbAQLP

exports[`DarwinCoreFields renders correctly 1`] = `
<DarwinCoreFields
  fields={
    Array [
      Object {
        "name": "name-1",
        "value": "value-1",
      },
      Object {
        "name": "name-2",
        "value": "value-2",
      },
      Object {
        "name": "name-3",
        "value": "value-3",
      },
    ]
  }
  onChange={[MockFunction]}
>
  <div
    className="darwin-core-fields section is-fluid"
  >
    <h1
      className="title"
    >
      occurrenceForm.darwinCoreFields.title
    </h1>
    <h2
      className="subtitle"
    >
      occurrenceForm.darwinCoreFields.subtitle
       
      occurrenceForm.darwinCoreFields.tip
    </h2>
    <div
      className="columns is-grouped"
    >
      <InputText
        className="field-name"
        name="occurrenceForm.darwinCoreFields.fieldName"
        onChange={[Function]}
      >
        <div
          className="column field field-name"
        >
          <label
            className="label"
          >
            occurrenceForm.darwinCoreFields.fieldName.label
          </label>
          <input
            className="input"
            onChange={[Function]}
            type="text"
          />
        </div>
      </InputText>
      <InputText
        className="value"
        name="occurrenceForm.darwinCoreFields.value"
        onChange={[Function]}
      >
        <div
          className="column field value"
        >
          <label
            className="label"
          >
            occurrenceForm.darwinCoreFields.value.label
          </label>
          <input
            className="input"
            onChange={[Function]}
            type="text"
          />
        </div>
      </InputText>
      <div
        className="column add"
      >
        <span
          className="label"
        >
           
        </span>
        <button
          className="button"
          onClick={[Function]}
        >
          common.add
        </button>
      </div>
    </div>
    <table
      className="table is-fullwidth"
    >
      <thead>
        <tr>
          <th>
            common.name
          </th>
          <th>
            common.value
          </th>
          <th />
        </tr>
      </thead>
      <tbody>
        <tr
          className="fieldrow"
          key="0"
        >
          <td>
            name-1
          </td>
          <td>
            value-1
          </td>
          <td>
            <button
              className="button remove"
              onClick={[Function]}
            >
              common.remove
            </button>
          </td>
        </tr>
        <tr
          className="fieldrow"
          key="1"
        >
          <td>
            name-2
          </td>
          <td>
            value-2
          </td>
          <td>
            <button
              className="button remove"
              onClick={[Function]}
            >
              common.remove
            </button>
          </td>
        </tr>
        <tr
          className="fieldrow"
          key="2"
        >
          <td>
            name-3
          </td>
          <td>
            value-3
          </td>
          <td>
            <button
              className="button remove"
              onClick={[Function]}
            >
              common.remove
            </button>
          </td>
        </tr>
      </tbody>
    </table>
  </div>
</DarwinCoreFields>
`;
