// Jest Snapshot v1, https://goo.gl/fbAQLP

exports[`ActiveStepHeader renders correctly 1`] = `
<div
  className="step-header columns is-vcentered active has-background-grey has-text-white"
  onClick={[Function]}
>
  <div
    className="column is-1 is-hidden-mobile"
  >
    <p
      className="is-size-5 is-uppercase"
    >
      <b>
        
      </b>
    </p>
  </div>
  <div
    className="column is-7 is-size-5 is-hidden-mobile"
  >
    
  </div>
  <div
    className="column details"
  >
    <div
      className="is-size-6"
    >
      step description
    </div>
    <div
      className="is-size-5 is-uppercase"
    >
      <b
        className="step-title"
      >
        step title
      </b>
    </div>
  </div>
</div>
`;
