// Jest Snapshot v1, https://goo.gl/fbAQLP

exports[`ContinueButton renders correctly 1`] = `
<ContinueButton
  name="continue"
  onClick={[MockFunction]}
  value="Continue"
>
  <div>
    <button
      className="button is-info"
      name="continue"
      onClick={[MockFunction]}
    >
      occurrenceForm.stepContinue
      Continue
    </button>
  </div>
</ContinueButton>
`;
