// Jest Snapshot v1, https://goo.gl/fbAQLP

exports[`FinalSummary renders correctly 1`] = `
<FinalSummary
  dataset={
    Object {
      "description": "NPPSD Short-tailed Albatross Sightings",
      "id": 1,
    }
  }
  locationData={
    Object {
      "coordinateUncertainty": null,
      "decimalLatitude": 51.3354656,
      "decimalLongitude": 2.345456,
      "maximumDepth": null,
      "minimumDepth": null,
      "verbatimCoordinates": "41 05 54S 121 05 34W",
      "verbatimDepth": "100 - 200 m",
    }
  }
  observationData={
    Object {
      "catalogNumber": "IBSS_Benthos_1935_1331",
      "collectionCode": "R/V N. Danilevskiy 1935 Azov Sea benthos data",
      "fieldNumber": "557",
      "identificationQualifier": "some identification qualifier",
      "identificationRemarks": "some identification remarks",
      "identifiedBy": Array [
        "Indiana Jones",
      ],
      "institutionCode": "IBSS",
      "recordNumber": "123456",
      "recordedBy": Array [
        "Harrison Ford",
      ],
      "references": Array [
        "http://www.google.com",
        "https://clojure.org/",
      ],
    }
  }
  occurrenceData={
    Object {
      "basisOfRecord": "humanObservation",
      "beginDate": 1556496000000,
      "endDate": 1556582400000,
      "lifestage": "adult",
      "occurrenceStatus": "absent",
      "scientificName": "ala abra",
      "sex": "male",
    }
  }
  onChange={[MockFunction]}
  onSubmit={[MockFunction]}
>
  <div
    className="final-summary section is-fluid"
  >
    <h1
      className="title is-3"
    >
      occurrenceForm.finalSummary.title
    </h1>
    <button
      className="button is-info is-medium"
    >
      Submit Entry
    </button>
    <h2
      className="title is-5"
    >
      1 - DATASET
    </h2>
    <p>
      NPPSD Short-tailed Albatross Sightings
    </p>
    <h2
      className="title is-5"
    >
      2 - OCCURRENCE DATA
    </h2>
    <table
      className="table is-striped"
    >
      <tbody>
        <NameValueRow
          name="scientific name"
          value="ala abra"
        >
          <tr>
            <td>
              scientific name
            </td>
            <td>
              ala abra
            </td>
          </tr>
        </NameValueRow>
        <NameValueRow
          name="beginDate"
          value="29 April 2019"
        >
          <tr>
            <td>
              beginDate
            </td>
            <td>
              29 April 2019
            </td>
          </tr>
        </NameValueRow>
        <NameValueRow
          name="endDate"
          value="30 April 2019"
        >
          <tr>
            <td>
              endDate
            </td>
            <td>
              30 April 2019
            </td>
          </tr>
        </NameValueRow>
        <NameValueRow
          name="occurrenceStatus"
          value="absent"
        >
          <tr>
            <td>
              occurrenceStatus
            </td>
            <td>
              absent
            </td>
          </tr>
        </NameValueRow>
        <NameValueRow
          name="basisOfRecord"
          value="humanObservation"
        >
          <tr>
            <td>
              basisOfRecord
            </td>
            <td>
              humanObservation
            </td>
          </tr>
        </NameValueRow>
        <NameValueRow
          name="sex"
          value="male"
        >
          <tr>
            <td>
              sex
            </td>
            <td>
              male
            </td>
          </tr>
        </NameValueRow>
        <NameValueRow
          name="lifestage"
          value="adult"
        >
          <tr>
            <td>
              lifestage
            </td>
            <td>
              adult
            </td>
          </tr>
        </NameValueRow>
      </tbody>
    </table>
    <h2
      className="title is-5"
    >
      3 - LOCATION DATA
    </h2>
    <table
      className="table is-striped"
    >
      <tbody>
        <NameValueRow
          name="Latitude"
          value={51.3354656}
        >
          <tr>
            <td>
              Latitude
            </td>
            <td>
              51.3354656
            </td>
          </tr>
        </NameValueRow>
        <NameValueRow
          name="Longitude"
          value={2.345456}
        >
          <tr>
            <td>
              Longitude
            </td>
            <td>
              2.345456
            </td>
          </tr>
        </NameValueRow>
        <NameValueRow
          name="coordinateUncertainty"
          value={null}
        >
          <tr>
            <td>
              coordinateUncertainty
            </td>
            <td />
          </tr>
        </NameValueRow>
        <NameValueRow
          name="minimumDepth"
          value={null}
        >
          <tr>
            <td>
              minimumDepth
            </td>
            <td />
          </tr>
        </NameValueRow>
        <NameValueRow
          name="maximumDepth"
          value={null}
        >
          <tr>
            <td>
              maximumDepth
            </td>
            <td />
          </tr>
        </NameValueRow>
      </tbody>
    </table>
    <h2
      className="title is-6"
    >
      Verbatim data
    </h2>
    <table
      className="table is-striped"
    >
      <tbody>
        <NameValueRow
          name="verbatimCoordinates"
          value="41 05 54S 121 05 34W"
        >
          <tr>
            <td>
              verbatimCoordinates
            </td>
            <td>
              41 05 54S 121 05 34W
            </td>
          </tr>
        </NameValueRow>
        <NameValueRow
          name="verbatimDepth"
          value="100 - 200 m"
        >
          <tr>
            <td>
              verbatimDepth
            </td>
            <td>
              100 - 200 m
            </td>
          </tr>
        </NameValueRow>
      </tbody>
    </table>
    <h2
      className="title is-5"
    >
      4 - OBSERVATION DATA
    </h2>
    <h2
      className="title is-6"
    >
      Catalog data
    </h2>
    <table
      className="table is-striped"
    >
      <tbody>
        <NameValueRow
          name="institutionCode"
          value="IBSS"
        >
          <tr>
            <td>
              institutionCode
            </td>
            <td>
              IBSS
            </td>
          </tr>
        </NameValueRow>
        <NameValueRow
          name="collectionCode"
          value="R/V N. Danilevskiy 1935 Azov Sea benthos data"
        >
          <tr>
            <td>
              collectionCode
            </td>
            <td>
              R/V N. Danilevskiy 1935 Azov Sea benthos data
            </td>
          </tr>
        </NameValueRow>
        <NameValueRow
          name="fieldNumber"
          value="557"
        >
          <tr>
            <td>
              fieldNumber
            </td>
            <td>
              557
            </td>
          </tr>
        </NameValueRow>
        <NameValueRow
          name="catalogNumber"
          value="IBSS_Benthos_1935_1331"
        >
          <tr>
            <td>
              catalogNumber
            </td>
            <td>
              IBSS_Benthos_1935_1331
            </td>
          </tr>
        </NameValueRow>
        <NameValueRow
          name="recordNumber"
          value="123456"
        >
          <tr>
            <td>
              recordNumber
            </td>
            <td>
              123456
            </td>
          </tr>
        </NameValueRow>
      </tbody>
    </table>
    <h2
      className="title is-6"
    >
      Species data
    </h2>
    <table
      className="table is-striped"
    >
      <tbody>
        <NameValueRow
          name="references"
          value="http://www.google.com, https://clojure.org/"
        >
          <tr>
            <td>
              references
            </td>
            <td>
              http://www.google.com, https://clojure.org/
            </td>
          </tr>
        </NameValueRow>
        <NameValueRow
          name="identificationQualifier"
          value="some identification qualifier"
        >
          <tr>
            <td>
              identificationQualifier
            </td>
            <td>
              some identification qualifier
            </td>
          </tr>
        </NameValueRow>
        <NameValueRow
          name="identificationRemarks"
          value="some identification remarks"
        >
          <tr>
            <td>
              identificationRemarks
            </td>
            <td>
              some identification remarks
            </td>
          </tr>
        </NameValueRow>
      </tbody>
    </table>
  </div>
</FinalSummary>
`;
