// Jest Snapshot v1, https://goo.gl/fbAQLP

exports[`Keywords renders correctly 1`] = `
<Keywords
  keywords={Array []}
  onChange={[MockFunction]}
>
  <div
    className="keywords section is-fluid"
  >
    <InputMultipleText
      className="keywords-input"
      name="datasetFormPage.keywords.keywords"
      onChange={[MockFunction]}
      values={Array []}
    >
      <div
        className="column field keywords-input"
      >
        <label
          className="label"
        >
          datasetFormPage.keywords.keywords.label
        </label>
        <div
          className="field has-addons"
        >
          <div
            className="control is-expanded"
          >
            <input
              className="input"
              onChange={[Function]}
              onKeyDown={[Function]}
              placeholder="datasetFormPage.keywords.keywords.placeholder"
              type="text"
              value=""
            />
          </div>
          <div
            className="control"
          >
            <button
              className="add button"
              onClick={[Function]}
            >
              common.add
            </button>
          </div>
        </div>
        <p
          className="help"
        >
          datasetFormPage.keywords.keywords.help
        </p>
        <Tags
          onDelete={[Function]}
          strings={Array []}
        >
          <div
            className="block"
          />
        </Tags>
      </div>
    </InputMultipleText>
  </div>
</Keywords>
`;
