// Jest Snapshot v1, https://goo.gl/fbAQLP

exports[`ContinueButton renders correctly 1`] = `
<ContinueButton
  name="continue"
  onClick={[MockFunction]}
  value="Continue"
>
  <button
    className="continue-button button is-info"
    name="continue"
    onClick={[MockFunction]}
  >
    common.continueTo continue
  </button>
</ContinueButton>
`;
