// Jest Snapshot v1, https://goo.gl/fbAQLP

exports[`Navbar renders correctly for route / 1`] = `
<nav
  aria-label="main navigation"
  className="navbar is-info"
  role="navigation"
>
  <div
    className="navbar-brand"
  >
    <a
      className="navbar-item"
      href="/input-data"
      onClick={[Function]}
    >
      <p>
        OBIS
      </p>
    </a>
    <a
      className="navbar-burger"
      onClick={[Function]}
      role="button"
    >
      <span
        aria-hidden="true"
      />
      <span
        aria-hidden="true"
      />
      <span
        aria-hidden="true"
      />
    </a>
  </div>
  <div
    className="navbar-menu"
  >
    <div
      className="navbar-end"
    >
      <span
        className="navbar-item"
      />
      <a
        className="navbar-item"
        onClick={[Function]}
      >
        <span
          className="icon"
          style={
            Object {
              "marginRight": 6,
            }
          }
        >
          <i
            className="fa"
            icon="user"
          />
        </span>
        navbar.login
      </a>
    </div>
  </div>
</nav>
`;

exports[`Navbar renders correctly for route /help 1`] = `
<nav
  aria-label="main navigation"
  className="navbar is-info"
  role="navigation"
>
  <div
    className="navbar-brand"
  >
    <a
      className="navbar-item"
      href="/input-data"
      onClick={[Function]}
    >
      <p>
        OBIS
      </p>
    </a>
    <a
      className="navbar-burger"
      onClick={[Function]}
      role="button"
    >
      <span
        aria-hidden="true"
      />
      <span
        aria-hidden="true"
      />
      <span
        aria-hidden="true"
      />
    </a>
  </div>
  <div
    className="navbar-menu"
  >
    <div
      className="navbar-end"
    >
      <span
        className="navbar-item"
      />
      <a
        className="navbar-item"
        onClick={[Function]}
      >
        <span
          className="icon"
          style={
            Object {
              "marginRight": 6,
            }
          }
        >
          <i
            className="fa"
            icon="user"
          />
        </span>
        navbar.login
      </a>
    </div>
  </div>
</nav>
`;

exports[`Navbar renders correctly for route /input-data 1`] = `
<nav
  aria-label="main navigation"
  className="navbar is-info"
  role="navigation"
>
  <div
    className="navbar-brand"
  >
    <a
      className="navbar-item"
      href="/input-data"
      onClick={[Function]}
    >
      <p>
        OBIS
      </p>
    </a>
    <a
      className="navbar-burger"
      onClick={[Function]}
      role="button"
    >
      <span
        aria-hidden="true"
      />
      <span
        aria-hidden="true"
      />
      <span
        aria-hidden="true"
      />
    </a>
  </div>
  <div
    className="navbar-menu"
  >
    <div
      className="navbar-end"
    >
      <span
        className="navbar-item"
      />
      <a
        className="navbar-item"
        onClick={[Function]}
      >
        <span
          className="icon"
          style={
            Object {
              "marginRight": 6,
            }
          }
        >
          <i
            className="fa"
            icon="user"
          />
        </span>
        navbar.login
      </a>
    </div>
  </div>
</nav>
`;

exports[`Navbar renders correctly for route /input-data/new 1`] = `
<nav
  aria-label="main navigation"
  className="navbar is-info"
  role="navigation"
>
  <div
    className="navbar-brand"
  >
    <a
      className="navbar-item"
      href="/input-data"
      onClick={[Function]}
    >
      <p>
        OBIS
      </p>
    </a>
    <a
      className="navbar-burger"
      onClick={[Function]}
      role="button"
    >
      <span
        aria-hidden="true"
      />
      <span
        aria-hidden="true"
      />
      <span
        aria-hidden="true"
      />
    </a>
  </div>
  <div
    className="navbar-menu"
  >
    <div
      className="navbar-end"
    >
      <span
        className="navbar-item"
      />
      <a
        className="navbar-item"
        onClick={[Function]}
      >
        <span
          className="icon"
          style={
            Object {
              "marginRight": 6,
            }
          }
        >
          <i
            className="fa"
            icon="user"
          />
        </span>
        navbar.login
      </a>
    </div>
  </div>
</nav>
`;
