// Jest Snapshot v1, https://goo.gl/fbAQLP

exports[`SelectDataset renders correctly 1`] = `
<div
  className="basic-dataset section is-fluid"
>
  <div
    className="columns"
  >
    <div
      className="field is-half column"
    >
      <label
        className="label"
      >
        Scientific name
      </label>
      <div
        className="control"
      >
        <input
          className="input"
          onChange={[Function]}
          placeholder="Text input"
          type="text"
          value="scientific name"
        />
      </div>
    </div>
  </div>
  <div
    className="columns"
  >
    <div
      className="column field is-one-quarter"
    >
      <label
        className="label"
      >
        Event begin date
      </label>
      <input
        className="input"
        placeholder="Text input"
        type="date"
      />
    </div>
    <div
      className="column field is-one-quarter"
    >
      <label
        className="label"
      >
        Event end date
      </label>
      <div
        className="control"
      >
        <input
          className="input"
          placeholder="Text input"
          type="date"
        />
      </div>
      <p
        className="help"
      >
        optional: only in case of date range
      </p>
    </div>
  </div>
  <div
    className="field"
  >
    <label
      className="label"
    >
      Occurrence status
    </label>
    <div
      className="control"
    >
      <input
        checked={true}
        className="is-checkradio"
        id="occurrenceStatus-absent"
        name="occurrenceStatus"
        onChange={[Function]}
        type="radio"
        value="absent"
      />
      <label
        htmlFor="occurrenceStatus-absent"
      >
        occurrenceForm.basicData.occurrenceStatus.absent
      </label>
      <input
        checked={false}
        className="is-checkradio"
        id="occurrenceStatus-present"
        name="occurrenceStatus"
        onChange={[Function]}
        type="radio"
        value="present"
      />
      <label
        htmlFor="occurrenceStatus-present"
      >
        occurrenceForm.basicData.occurrenceStatus.present
      </label>
    </div>
  </div>
  <div
    className="field"
  >
    <label
      className="label"
    >
      Basis of record
    </label>
    <div
      className="control"
    >
      <input
        checked={true}
        className="is-checkradio"
        id="basisOfRecord-humanObservation"
        name="basisOfRecord"
        onChange={[Function]}
        type="radio"
        value="humanObservation"
      />
      <label
        htmlFor="basisOfRecord-humanObservation"
      >
        occurrenceForm.basicData.basisOfRecord.humanObservation
      </label>
      <input
        checked={false}
        className="is-checkradio"
        id="basisOfRecord-fossilSpecimen"
        name="basisOfRecord"
        onChange={[Function]}
        type="radio"
        value="fossilSpecimen"
      />
      <label
        htmlFor="basisOfRecord-fossilSpecimen"
      >
        occurrenceForm.basicData.basisOfRecord.fossilSpecimen
      </label>
      <input
        checked={false}
        className="is-checkradio"
        id="basisOfRecord-livingSpecimen"
        name="basisOfRecord"
        onChange={[Function]}
        type="radio"
        value="livingSpecimen"
      />
      <label
        htmlFor="basisOfRecord-livingSpecimen"
      >
        occurrenceForm.basicData.basisOfRecord.livingSpecimen
      </label>
      <input
        checked={false}
        className="is-checkradio"
        id="basisOfRecord-machineSpecimen"
        name="basisOfRecord"
        onChange={[Function]}
        type="radio"
        value="machineSpecimen"
      />
      <label
        htmlFor="basisOfRecord-machineSpecimen"
      >
        occurrenceForm.basicData.basisOfRecord.machineSpecimen
      </label>
      <input
        checked={false}
        className="is-checkradio"
        id="basisOfRecord-preservedSpecimen"
        name="basisOfRecord"
        onChange={[Function]}
        type="radio"
        value="preservedSpecimen"
      />
      <label
        htmlFor="basisOfRecord-preservedSpecimen"
      >
        occurrenceForm.basicData.basisOfRecord.preservedSpecimen
      </label>
    </div>
  </div>
  <div
    className="field"
  >
    <label
      className="label"
    >
      Sex
    </label>
    <div
      className="control"
    >
      <input
        checked={true}
        className="is-checkradio"
        id="sex-male"
        name="sex"
        onChange={[Function]}
        type="radio"
        value="male"
      />
      <label
        htmlFor="sex-male"
      >
        occurrenceForm.basicData.sex.male
      </label>
      <input
        checked={false}
        className="is-checkradio"
        id="sex-female"
        name="sex"
        onChange={[Function]}
        type="radio"
        value="female"
      />
      <label
        htmlFor="sex-female"
      >
        occurrenceForm.basicData.sex.female
      </label>
      <input
        checked={false}
        className="is-checkradio"
        id="sex-hermaphrodite"
        name="sex"
        onChange={[Function]}
        type="radio"
        value="hermaphrodite"
      />
      <label
        htmlFor="sex-hermaphrodite"
      >
        occurrenceForm.basicData.sex.hermaphrodite
      </label>
      <input
        checked={false}
        className="is-checkradio"
        id="sex-unspecified"
        name="sex"
        onChange={[Function]}
        type="radio"
        value="unspecified"
      />
      <label
        htmlFor="sex-unspecified"
      >
        occurrenceForm.basicData.sex.unspecified
      </label>
    </div>
  </div>
  <div
    className="field"
  >
    <label
      className="label"
    >
      Lifestage
    </label>
    <div
      className="control"
    >
      <input
        checked={true}
        className="is-checkradio"
        id="lifestage-egg"
        name="lifestage"
        onChange={[Function]}
        type="radio"
        value="egg"
      />
      <label
        htmlFor="lifestage-egg"
      >
        occurrenceForm.basicData.lifestage.egg
      </label>
      <input
        checked={false}
        className="is-checkradio"
        id="lifestage-eft"
        name="lifestage"
        onChange={[Function]}
        type="radio"
        value="eft"
      />
      <label
        htmlFor="lifestage-eft"
      >
        occurrenceForm.basicData.lifestage.eft
      </label>
      <input
        checked={false}
        className="is-checkradio"
        id="lifestage-juvenile"
        name="lifestage"
        onChange={[Function]}
        type="radio"
        value="juvenile"
      />
      <label
        htmlFor="lifestage-juvenile"
      >
        occurrenceForm.basicData.lifestage.juvenile
      </label>
      <input
        checked={false}
        className="is-checkradio"
        id="lifestage-adult"
        name="lifestage"
        onChange={[Function]}
        type="radio"
        value="adult"
      />
      <label
        htmlFor="lifestage-adult"
      >
        occurrenceForm.basicData.lifestage.adult
      </label>
      <input
        checked={false}
        className="is-checkradio"
        id="lifestage-unspecified"
        name="lifestage"
        onChange={[Function]}
        type="radio"
        value="unspecified"
      />
      <label
        htmlFor="lifestage-unspecified"
      >
        occurrenceForm.basicData.lifestage.unspecified
      </label>
    </div>
  </div>
  <div
    className="columns"
  >
    <div
      className="copy-previous-data column is-narrow"
    >
      copy data from previous entry
    </div>
  </div>
</div>
`;
