// Jest Snapshot v1, https://goo.gl/fbAQLP

exports[`SelectDataset renders correctly 1`] = `
<div
  className="basic-data section is-fluid"
>
  <div
    className="columns"
  >
    <div
      className="field is-four-fifths column"
    >
      <label
        className="label"
      >
        occurrenceForm.basicData.scientificName
      </label>
      <div
        className="control"
      >
        <input
          className="input"
          onChange={[Function]}
          placeholder="occurrenceForm.basicData.scientificName"
          type="text"
          value="scientific name"
        />
      </div>
    </div>
  </div>
  <div
    className="columns"
  >
    <div
      className="event-begin-date column field is-two-fifths"
    >
      <label
        className="label"
      >
        occurrenceForm.basicData.eventBeginDate
      </label>
      <input
        className="input"
        type="date"
      />
    </div>
    <div
      className="event-end-date column field is-two-fifths"
    >
      <label
        className="label"
      >
        occurrenceForm.basicData.eventEndDate
      </label>
      <div
        className="control"
      >
        <input
          className="input"
          type="date"
        />
      </div>
      <p
        className="help"
      >
        occurrenceForm.basicData.eventEndDateHelp
      </p>
    </div>
  </div>
  <div
    className="input-radio-group field"
  >
    <label
      className="label"
    >
      occurrenceForm.basicData.occurrenceStatus.title
    </label>
    <div
      className="control"
    >
      <input
        checked={true}
        className="input-radio is-checkradio"
        id="occurrenceForm.basicData.occurrenceStatus-absent"
        name="occurrenceForm.basicData.occurrenceStatus"
        onChange={[Function]}
        type="radio"
        value="absent"
      />
      <label
        htmlFor="occurrenceForm.basicData.occurrenceStatus-absent"
      >
        occurrenceForm.basicData.occurrenceStatus.absent
      </label>
      <input
        checked={false}
        className="input-radio is-checkradio"
        id="occurrenceForm.basicData.occurrenceStatus-present"
        name="occurrenceForm.basicData.occurrenceStatus"
        onChange={[Function]}
        type="radio"
        value="present"
      />
      <label
        htmlFor="occurrenceForm.basicData.occurrenceStatus-present"
      >
        occurrenceForm.basicData.occurrenceStatus.present
      </label>
    </div>
  </div>
  <div
    className="input-radio-group field"
  >
    <label
      className="label"
    >
      occurrenceForm.basicData.basisOfRecord.title
    </label>
    <div
      className="control"
    >
      <input
        checked={true}
        className="input-radio is-checkradio"
        id="occurrenceForm.basicData.basisOfRecord-humanObservation"
        name="occurrenceForm.basicData.basisOfRecord"
        onChange={[Function]}
        type="radio"
        value="humanObservation"
      />
      <label
        htmlFor="occurrenceForm.basicData.basisOfRecord-humanObservation"
      >
        occurrenceForm.basicData.basisOfRecord.humanObservation
      </label>
      <input
        checked={false}
        className="input-radio is-checkradio"
        id="occurrenceForm.basicData.basisOfRecord-fossilSpecimen"
        name="occurrenceForm.basicData.basisOfRecord"
        onChange={[Function]}
        type="radio"
        value="fossilSpecimen"
      />
      <label
        htmlFor="occurrenceForm.basicData.basisOfRecord-fossilSpecimen"
      >
        occurrenceForm.basicData.basisOfRecord.fossilSpecimen
      </label>
      <input
        checked={false}
        className="input-radio is-checkradio"
        id="occurrenceForm.basicData.basisOfRecord-livingSpecimen"
        name="occurrenceForm.basicData.basisOfRecord"
        onChange={[Function]}
        type="radio"
        value="livingSpecimen"
      />
      <label
        htmlFor="occurrenceForm.basicData.basisOfRecord-livingSpecimen"
      >
        occurrenceForm.basicData.basisOfRecord.livingSpecimen
      </label>
      <input
        checked={false}
        className="input-radio is-checkradio"
        id="occurrenceForm.basicData.basisOfRecord-machineSpecimen"
        name="occurrenceForm.basicData.basisOfRecord"
        onChange={[Function]}
        type="radio"
        value="machineSpecimen"
      />
      <label
        htmlFor="occurrenceForm.basicData.basisOfRecord-machineSpecimen"
      >
        occurrenceForm.basicData.basisOfRecord.machineSpecimen
      </label>
      <input
        checked={false}
        className="input-radio is-checkradio"
        id="occurrenceForm.basicData.basisOfRecord-preservedSpecimen"
        name="occurrenceForm.basicData.basisOfRecord"
        onChange={[Function]}
        type="radio"
        value="preservedSpecimen"
      />
      <label
        htmlFor="occurrenceForm.basicData.basisOfRecord-preservedSpecimen"
      >
        occurrenceForm.basicData.basisOfRecord.preservedSpecimen
      </label>
    </div>
  </div>
  <div
    className="input-radio-group field"
  >
    <label
      className="label"
    >
      occurrenceForm.basicData.sex.title
    </label>
    <div
      className="control"
    >
      <input
        checked={true}
        className="input-radio is-checkradio"
        id="occurrenceForm.basicData.sex-male"
        name="occurrenceForm.basicData.sex"
        onChange={[Function]}
        type="radio"
        value="male"
      />
      <label
        htmlFor="occurrenceForm.basicData.sex-male"
      >
        occurrenceForm.basicData.sex.male
      </label>
      <input
        checked={false}
        className="input-radio is-checkradio"
        id="occurrenceForm.basicData.sex-female"
        name="occurrenceForm.basicData.sex"
        onChange={[Function]}
        type="radio"
        value="female"
      />
      <label
        htmlFor="occurrenceForm.basicData.sex-female"
      >
        occurrenceForm.basicData.sex.female
      </label>
      <input
        checked={false}
        className="input-radio is-checkradio"
        id="occurrenceForm.basicData.sex-hermaphrodite"
        name="occurrenceForm.basicData.sex"
        onChange={[Function]}
        type="radio"
        value="hermaphrodite"
      />
      <label
        htmlFor="occurrenceForm.basicData.sex-hermaphrodite"
      >
        occurrenceForm.basicData.sex.hermaphrodite
      </label>
      <input
        checked={false}
        className="input-radio is-checkradio"
        id="occurrenceForm.basicData.sex-unspecified"
        name="occurrenceForm.basicData.sex"
        onChange={[Function]}
        type="radio"
        value="unspecified"
      />
      <label
        htmlFor="occurrenceForm.basicData.sex-unspecified"
      >
        occurrenceForm.basicData.sex.unspecified
      </label>
    </div>
  </div>
  <div
    className="input-radio-group field"
  >
    <label
      className="label"
    >
      occurrenceForm.basicData.lifestage.title
    </label>
    <div
      className="control"
    >
      <input
        checked={true}
        className="input-radio is-checkradio"
        id="occurrenceForm.basicData.lifestage-egg"
        name="occurrenceForm.basicData.lifestage"
        onChange={[Function]}
        type="radio"
        value="egg"
      />
      <label
        htmlFor="occurrenceForm.basicData.lifestage-egg"
      >
        occurrenceForm.basicData.lifestage.egg
      </label>
      <input
        checked={false}
        className="input-radio is-checkradio"
        id="occurrenceForm.basicData.lifestage-eft"
        name="occurrenceForm.basicData.lifestage"
        onChange={[Function]}
        type="radio"
        value="eft"
      />
      <label
        htmlFor="occurrenceForm.basicData.lifestage-eft"
      >
        occurrenceForm.basicData.lifestage.eft
      </label>
      <input
        checked={false}
        className="input-radio is-checkradio"
        id="occurrenceForm.basicData.lifestage-juvenile"
        name="occurrenceForm.basicData.lifestage"
        onChange={[Function]}
        type="radio"
        value="juvenile"
      />
      <label
        htmlFor="occurrenceForm.basicData.lifestage-juvenile"
      >
        occurrenceForm.basicData.lifestage.juvenile
      </label>
      <input
        checked={false}
        className="input-radio is-checkradio"
        id="occurrenceForm.basicData.lifestage-adult"
        name="occurrenceForm.basicData.lifestage"
        onChange={[Function]}
        type="radio"
        value="adult"
      />
      <label
        htmlFor="occurrenceForm.basicData.lifestage-adult"
      >
        occurrenceForm.basicData.lifestage.adult
      </label>
      <input
        checked={false}
        className="input-radio is-checkradio"
        id="occurrenceForm.basicData.lifestage-unspecified"
        name="occurrenceForm.basicData.lifestage"
        onChange={[Function]}
        type="radio"
        value="unspecified"
      />
      <label
        htmlFor="occurrenceForm.basicData.lifestage-unspecified"
      >
        occurrenceForm.basicData.lifestage.unspecified
      </label>
    </div>
  </div>
  <div
    className="columns"
  >
    <div
      className="copy-previous-data column is-narrow"
    >
      copy data from previous entry
    </div>
  </div>
</div>
`;
