// Jest Snapshot v1, https://goo.gl/fbAQLP

exports[`BasicInformation renders correctly 1`] = `
<BasicInformation
  data={
    Object {
      "abstract": "abstract",
      "language": "English",
      "licence": "Creative Commons Attribution Non Commercial (CC-BY) 4.0 License",
      "title": "title",
    }
  }
  onChange={[MockFunction]}
>
  <div
    className="basic-information"
  >
    <InputText
      className="title"
      name="datasetPageFormPage.basicInformation.title"
      onChange={[Function]}
      value="title"
    >
      <div
        className="column field title"
      >
        <label
          className="label"
        >
          datasetPageFormPage.basicInformation.title.label
        </label>
        <input
          className="input"
          onChange={[Function]}
          type="text"
          value="title"
        />
      </div>
    </InputText>
    <div
      className="column field licence"
    >
      <label
        className="label"
      >
        datasetPageFormPage.basicInformation.licence.label
      </label>
      <Dropdown
        onChange={[Function]}
        options={
          Array [
            "Creative Commons Attribution Non Commercial (CC-BY) 4.0 License",
            "Creative Commons Attribution Non Commercial (CC-BY-NC) 4.0 License",
            "Public Domain (CC0 1.0)",
          ]
        }
        value="Creative Commons Attribution Non Commercial (CC-BY) 4.0 License"
      >
        <div
          className="dropdown"
          onClick={[Function]}
        >
          <div
            className="dropdown-trigger"
          >
            <button
              aria-controls="dropdown-menu"
              aria-haspopup="true"
              className="button"
            >
              <span
                className="selected-value"
              >
                Creative Commons Attribution Non Commercial (CC-BY) 4.0 License
              </span>
              <span
                className="icon is-small"
              >
                <FontAwesomeIcon
                  className="angle-down"
                  icon="angle-down"
                >
                  <i
                    className="angle-down"
                    icon="angle-down"
                  />
                </FontAwesomeIcon>
              </span>
            </button>
          </div>
          <div
            className="dropdown-menu"
            id="dropdown-menu"
            role="menu"
          >
            <div
              className="dropdown-content"
            >
              <div
                className="dropdown-item is-active"
                key="Creative Commons Attribution Non Commercial (CC-BY) 4.0 License"
                onClick={[Function]}
              >
                Creative Commons Attribution Non Commercial (CC-BY) 4.0 License
              </div>
              <div
                className="dropdown-item"
                key="Creative Commons Attribution Non Commercial (CC-BY-NC) 4.0 License"
                onClick={[Function]}
              >
                Creative Commons Attribution Non Commercial (CC-BY-NC) 4.0 License
              </div>
              <div
                className="dropdown-item"
                key="Public Domain (CC0 1.0)"
                onClick={[Function]}
              >
                Public Domain (CC0 1.0)
              </div>
            </div>
          </div>
        </div>
      </Dropdown>
    </div>
    <div
      className="column field language"
    >
      <label
        className="label"
      >
        datasetPageFormPage.basicInformation.language.label
      </label>
      <Dropdown
        onChange={[Function]}
        options={
          Array [
            "English",
            "Dutch",
            "French",
            "Spanish",
          ]
        }
        value="English"
      >
        <div
          className="dropdown"
          onClick={[Function]}
        >
          <div
            className="dropdown-trigger"
          >
            <button
              aria-controls="dropdown-menu"
              aria-haspopup="true"
              className="button"
            >
              <span
                className="selected-value"
              >
                English
              </span>
              <span
                className="icon is-small"
              >
                <FontAwesomeIcon
                  className="angle-down"
                  icon="angle-down"
                >
                  <i
                    className="angle-down"
                    icon="angle-down"
                  />
                </FontAwesomeIcon>
              </span>
            </button>
          </div>
          <div
            className="dropdown-menu"
            id="dropdown-menu"
            role="menu"
          >
            <div
              className="dropdown-content"
            >
              <div
                className="dropdown-item is-active"
                key="English"
                onClick={[Function]}
              >
                English
              </div>
              <div
                className="dropdown-item"
                key="Dutch"
                onClick={[Function]}
              >
                Dutch
              </div>
              <div
                className="dropdown-item"
                key="French"
                onClick={[Function]}
              >
                French
              </div>
              <div
                className="dropdown-item"
                key="Spanish"
                onClick={[Function]}
              >
                Spanish
              </div>
            </div>
          </div>
        </div>
      </Dropdown>
    </div>
    <Textarea
      className="abstract is-9"
      name="datasetPageFormPage.basicInformation.abstract"
      onChange={[Function]}
      value="abstract"
    >
      <div
        className="column field abstract is-9"
      >
        <label
          className="label"
        >
          datasetPageFormPage.basicInformation.abstract.label
        </label>
        <textarea
          className="textarea"
          onChange={[Function]}
          rows={5}
          value="abstract"
        />
      </div>
    </Textarea>
  </div>
</BasicInformation>
`;
