// Jest Snapshot v1, https://goo.gl/fbAQLP

exports[`OccurrenceData renders correctly 1`] = `
<div
  className="occurrence-data section is-fluid"
>
  <div
    className="columns"
  >
    <div
      className="field column is-four-fifths"
    >
      <div
        className="dropdown"
      >
        <div
          className="dropdown-trigger"
        >
          <label
            className="label"
          >
            occurrenceForm.occurrenceData.scientificName
          </label>
          <div
            className="control has-icons-right"
          >
            <input
              className="input"
              onChange={[Function]}
              onClick={[Function]}
              placeholder="occurrenceForm.occurrenceData.scientificName"
              type="text"
              value="scientific name"
            />
          </div>
        </div>
        <div
          className="dropdown-menu"
          id="dropdown-menu"
          role="menu"
        >
          <div
            className="dropdown-content"
          />
        </div>
      </div>
    </div>
  </div>
  <div
    className="columns"
  >
    <div
      className="event-begin-date column field is-two-fifths"
    >
      <label
        className="label"
      >
        occurrenceForm.occurrenceData.eventBeginDate
      </label>
      <input
        className="input"
        type="date"
      />
    </div>
    <div
      className="event-end-date column field is-two-fifths"
    >
      <label
        className="label"
      >
        occurrenceForm.occurrenceData.eventEndDate
      </label>
      <div
        className="control"
      >
        <input
          className="input"
          type="date"
        />
      </div>
      <p
        className="help"
      >
        occurrenceForm.occurrenceData.eventEndDateHelp
      </p>
    </div>
  </div>
  <div
    className="input-radio-group field"
  >
    <label
      className="label"
    >
      occurrenceForm.occurrenceData.occurrenceStatus.title
    </label>
    <div
      className="control"
    >
      <input
        checked={true}
        className="input-radio is-checkradio"
        id="occurrenceForm.occurrenceData.occurrenceStatus-absent"
        name="occurrenceForm.occurrenceData.occurrenceStatus"
        onChange={[Function]}
        type="radio"
        value="absent"
      />
      <label
        htmlFor="occurrenceForm.occurrenceData.occurrenceStatus-absent"
      >
        occurrenceForm.occurrenceData.occurrenceStatus.absent
      </label>
      <input
        checked={false}
        className="input-radio is-checkradio"
        id="occurrenceForm.occurrenceData.occurrenceStatus-present"
        name="occurrenceForm.occurrenceData.occurrenceStatus"
        onChange={[Function]}
        type="radio"
        value="present"
      />
      <label
        htmlFor="occurrenceForm.occurrenceData.occurrenceStatus-present"
      >
        occurrenceForm.occurrenceData.occurrenceStatus.present
      </label>
    </div>
  </div>
  <div
    className="input-radio-group field"
  >
    <label
      className="label"
    >
      occurrenceForm.occurrenceData.basisOfRecord.title
    </label>
    <div
      className="control"
    >
      <input
        checked={true}
        className="input-radio is-checkradio"
        id="occurrenceForm.occurrenceData.basisOfRecord-humanObservation"
        name="occurrenceForm.occurrenceData.basisOfRecord"
        onChange={[Function]}
        type="radio"
        value="humanObservation"
      />
      <label
        htmlFor="occurrenceForm.occurrenceData.basisOfRecord-humanObservation"
      >
        occurrenceForm.occurrenceData.basisOfRecord.humanObservation
      </label>
      <input
        checked={false}
        className="input-radio is-checkradio"
        id="occurrenceForm.occurrenceData.basisOfRecord-fossilSpecimen"
        name="occurrenceForm.occurrenceData.basisOfRecord"
        onChange={[Function]}
        type="radio"
        value="fossilSpecimen"
      />
      <label
        htmlFor="occurrenceForm.occurrenceData.basisOfRecord-fossilSpecimen"
      >
        occurrenceForm.occurrenceData.basisOfRecord.fossilSpecimen
      </label>
      <input
        checked={false}
        className="input-radio is-checkradio"
        id="occurrenceForm.occurrenceData.basisOfRecord-livingSpecimen"
        name="occurrenceForm.occurrenceData.basisOfRecord"
        onChange={[Function]}
        type="radio"
        value="livingSpecimen"
      />
      <label
        htmlFor="occurrenceForm.occurrenceData.basisOfRecord-livingSpecimen"
      >
        occurrenceForm.occurrenceData.basisOfRecord.livingSpecimen
      </label>
      <input
        checked={false}
        className="input-radio is-checkradio"
        id="occurrenceForm.occurrenceData.basisOfRecord-machineObservation"
        name="occurrenceForm.occurrenceData.basisOfRecord"
        onChange={[Function]}
        type="radio"
        value="machineObservation"
      />
      <label
        htmlFor="occurrenceForm.occurrenceData.basisOfRecord-machineObservation"
      >
        occurrenceForm.occurrenceData.basisOfRecord.machineObservation
      </label>
      <input
        checked={false}
        className="input-radio is-checkradio"
        id="occurrenceForm.occurrenceData.basisOfRecord-preservedSpecimen"
        name="occurrenceForm.occurrenceData.basisOfRecord"
        onChange={[Function]}
        type="radio"
        value="preservedSpecimen"
      />
      <label
        htmlFor="occurrenceForm.occurrenceData.basisOfRecord-preservedSpecimen"
      >
        occurrenceForm.occurrenceData.basisOfRecord.preservedSpecimen
      </label>
    </div>
  </div>
  <div
    className="input-radio-group field"
  >
    <label
      className="label"
    >
      occurrenceForm.occurrenceData.sex.title
    </label>
    <div
      className="control"
    >
      <input
        checked={true}
        className="input-radio is-checkradio"
        id="occurrenceForm.occurrenceData.sex-male"
        name="occurrenceForm.occurrenceData.sex"
        onChange={[Function]}
        type="radio"
        value="male"
      />
      <label
        htmlFor="occurrenceForm.occurrenceData.sex-male"
      >
        occurrenceForm.occurrenceData.sex.male
      </label>
      <input
        checked={false}
        className="input-radio is-checkradio"
        id="occurrenceForm.occurrenceData.sex-female"
        name="occurrenceForm.occurrenceData.sex"
        onChange={[Function]}
        type="radio"
        value="female"
      />
      <label
        htmlFor="occurrenceForm.occurrenceData.sex-female"
      >
        occurrenceForm.occurrenceData.sex.female
      </label>
      <input
        checked={false}
        className="input-radio is-checkradio"
        id="occurrenceForm.occurrenceData.sex-hermaphrodite"
        name="occurrenceForm.occurrenceData.sex"
        onChange={[Function]}
        type="radio"
        value="hermaphrodite"
      />
      <label
        htmlFor="occurrenceForm.occurrenceData.sex-hermaphrodite"
      >
        occurrenceForm.occurrenceData.sex.hermaphrodite
      </label>
      <input
        checked={false}
        className="input-radio is-checkradio"
        id="occurrenceForm.occurrenceData.sex-unspecified"
        name="occurrenceForm.occurrenceData.sex"
        onChange={[Function]}
        type="radio"
        value="unspecified"
      />
      <label
        htmlFor="occurrenceForm.occurrenceData.sex-unspecified"
      >
        occurrenceForm.occurrenceData.sex.unspecified
      </label>
    </div>
  </div>
  <div
    className="input-radio-group field"
  >
    <label
      className="label"
    >
      occurrenceForm.occurrenceData.lifestage.title
    </label>
    <div
      className="control"
    >
      <input
        checked={true}
        className="input-radio is-checkradio"
        id="occurrenceForm.occurrenceData.lifestage-egg"
        name="occurrenceForm.occurrenceData.lifestage"
        onChange={[Function]}
        type="radio"
        value="egg"
      />
      <label
        htmlFor="occurrenceForm.occurrenceData.lifestage-egg"
      >
        occurrenceForm.occurrenceData.lifestage.egg
      </label>
      <input
        checked={false}
        className="input-radio is-checkradio"
        id="occurrenceForm.occurrenceData.lifestage-eft"
        name="occurrenceForm.occurrenceData.lifestage"
        onChange={[Function]}
        type="radio"
        value="eft"
      />
      <label
        htmlFor="occurrenceForm.occurrenceData.lifestage-eft"
      >
        occurrenceForm.occurrenceData.lifestage.eft
      </label>
      <input
        checked={false}
        className="input-radio is-checkradio"
        id="occurrenceForm.occurrenceData.lifestage-juvenile"
        name="occurrenceForm.occurrenceData.lifestage"
        onChange={[Function]}
        type="radio"
        value="juvenile"
      />
      <label
        htmlFor="occurrenceForm.occurrenceData.lifestage-juvenile"
      >
        occurrenceForm.occurrenceData.lifestage.juvenile
      </label>
      <input
        checked={false}
        className="input-radio is-checkradio"
        id="occurrenceForm.occurrenceData.lifestage-adult"
        name="occurrenceForm.occurrenceData.lifestage"
        onChange={[Function]}
        type="radio"
        value="adult"
      />
      <label
        htmlFor="occurrenceForm.occurrenceData.lifestage-adult"
      >
        occurrenceForm.occurrenceData.lifestage.adult
      </label>
      <input
        checked={false}
        className="input-radio is-checkradio"
        id="occurrenceForm.occurrenceData.lifestage-unspecified"
        name="occurrenceForm.occurrenceData.lifestage"
        onChange={[Function]}
        type="radio"
        value="unspecified"
      />
      <label
        htmlFor="occurrenceForm.occurrenceData.lifestage-unspecified"
      >
        occurrenceForm.occurrenceData.lifestage.unspecified
      </label>
    </div>
  </div>
  <div
    className="columns"
  >
    <div
      className="copy-previous-data column is-narrow"
    >
      copy data from previous entry
    </div>
  </div>
</div>
`;
