// Jest Snapshot v1, https://goo.gl/fbAQLP

exports[`SelectDataset renders correctly 1`] = `
<div
  className="select-dataset columns is-fluid"
>
  <table
    className="table is-striped is-fullwidth"
  >
    <tbody>
      <tr
        className="dataset-option"
      >
        <td>
          <input
            checked={true}
            className="is-checkradio"
            id="dataset-0"
            name="dataset"
            onChange={[Function]}
            type="radio"
            value={0}
          />
          <label
            htmlFor="dataset-0"
          >
            
          </label>
        </td>
        <td>
          HAB Region 2: Occurrences of harmful (toxic) algal taxa within an area of interest to El Salvador compiled as part of a literature search project.
        </td>
      </tr>
      <tr
        className="dataset-option"
      >
        <td>
          <input
            checked={false}
            className="is-checkradio"
            id="dataset-1"
            name="dataset"
            onChange={[Function]}
            type="radio"
            value={1}
          />
          <label
            htmlFor="dataset-1"
          >
            
          </label>
        </td>
        <td>
          NPPSD Short-tailed Albatross Sightings
        </td>
      </tr>
      <tr
        className="dataset-option"
      >
        <td>
          <input
            checked={false}
            className="is-checkradio"
            id="dataset-2"
            name="dataset"
            onChange={[Function]}
            type="radio"
            value={2}
          />
          <label
            htmlFor="dataset-2"
          >
            
          </label>
        </td>
        <td>
          PANGAEA - Data from Christian-Albrechts-University Kiel
        </td>
      </tr>
      <tr
        className="dataset-option"
      >
        <td>
          <input
            checked={false}
            className="is-checkradio"
            id="dataset-3"
            name="dataset"
            onChange={[Function]}
            type="radio"
            value={3}
          />
          <label
            htmlFor="dataset-3"
          >
            
          </label>
        </td>
        <td>
          NSIS: List of marine benthic algae from Magdalen Islands, Quebec as recorded in 1979
        </td>
      </tr>
      <tr
        className="dataset-option"
      >
        <td>
          <input
            checked={false}
            className="is-checkradio"
            id="dataset-4"
            name="dataset"
            onChange={[Function]}
            type="radio"
            value={4}
          />
          <label
            htmlFor="dataset-4"
          >
            
          </label>
        </td>
        <td>
          Seguimiento de 10 crías de tortuga boba nacidas en 2016 en el litoral valenciano, en el marco del Proyecto LIFE 15 IPE ES 012 (aggregated per 1-degree cell)
        </td>
      </tr>
      <tr
        className="dataset-option"
      >
        <td>
          <input
            checked={false}
            className="is-checkradio"
            id="dataset-5"
            name="dataset"
            onChange={[Function]}
            type="radio"
            value={5}
          />
          <label
            htmlFor="dataset-5"
          >
            
          </label>
        </td>
        <td>
          Waved Albatross Tracking (aggregated per 1-degree cell)
        </td>
      </tr>
    </tbody>
  </table>
</div>
`;
